// Jest Snapshot v1, https://goo.gl/fbAQLP

exports[`Renders snapshot as expected 1`] = `
<RCTSafeAreaView
  emulateUnlessSupported={true}
  style={
    Object {
      "flex": 1,
      "marginHorizontal": 16,
      "marginTop": 44,
    }
  }
>
  <RCTScrollView
    data={
      Array [
        Object {
          "data": Array [
            "Pizza",
            "Burger",
            "Risotto",
          ],
          "title": "Main dishes",
        },
        Object {
          "data": Array [
            "French Fries",
            "Onion Rings",
            "Fried Shrimps",
          ],
          "title": "Sides",
        },
        Object {
          "data": Array [
            "Water",
            "Coke",
            "Beer",
          ],
          "title": "Drinks",
        },
        Object {
          "data": Array [
            "Cheese Cake",
            "Ice Cream",
          ],
          "title": "Desserts",
        },
      ]
    }
    disableVirtualization={false}
    getItem={[Function]}
    getItemCount={[Function]}
    horizontal={false}
    initialNumToRender={10}
    keyExtractor={[Function]}
    maxToRenderPerBatch={10}
    onContentSizeChange={[Function]}
    onEndReachedThreshold={2}
    onLayout={[Function]}
    onMomentumScrollEnd={[Function]}
    onScroll={[Function]}
    onScrollBeginDrag={[Function]}
    onScrollEndDrag={[Function]}
    renderItem={[Function]}
    renderSectionHeader={[Function]}
    scrollEventThrottle={50}
    sections={
      Array [
        Object {
          "data": Array [
            "Pizza",
            "Burger",
            "Risotto",
          ],
          "title": "Main dishes",
        },
        Object {
          "data": Array [
            "French Fries",
            "Onion Rings",
            "Fried Shrimps",
          ],
          "title": "Sides",
        },
        Object {
          "data": Array [
            "Water",
            "Coke",
            "Beer",
          ],
          "title": "Drinks",
        },
        Object {
          "data": Array [
            "Cheese Cake",
            "Ice Cream",
          ],
          "title": "Desserts",
        },
      ]
    }
    stickyHeaderIndices={
      Array [
        0,
        5,
      ]
    }
    stickySectionHeadersEnabled={true}
    updateCellsBatchingPeriod={50}
    windowSize={21}
  >
    <View>
      <View
        onLayout={[Function]}
        style={null}
      >
        <Text
          style={
            Object {
              "fontSize": 18,
            }
          }
        >
          Main dishes
        </Text>
      </View>
      <View
        onLayout={[Function]}
        style={null}
      >
        <View
          style={
            Object {
              "backgroundColor": "#bdbdbd",
              "marginVertical": 8,
              "padding": 20,
            }
          }
        >
          <Text
            style={
              Object {
                "fontSize": 12,
              }
            }
          >
            Pizza
          </Text>
        </View>
      </View>
      <View
        onLayout={[Function]}
        style={null}
      >
        <View
          style={
            Object {
              "backgroundColor": "#bdbdbd",
              "marginVertical": 8,
              "padding": 20,
            }
          }
        >
          <Text
            style={
              Object {
                "fontSize": 12,
              }
            }
          >
            Burger
          </Text>
        </View>
      </View>
      <View
        onLayout={[Function]}
        style={null}
      >
        <View
          style={
            Object {
              "backgroundColor": "#bdbdbd",
              "marginVertical": 8,
              "padding": 20,
            }
          }
        >
          <Text
            style={
              Object {
                "fontSize": 12,
              }
            }
          >
            Risotto
          </Text>
        </View>
      </View>
      <View
        onLayout={[Function]}
        style={null}
      />
      <View
        onLayout={[Function]}
        style={null}
      >
        <Text
          style={
            Object {
              "fontSize": 18,
            }
          }
        >
          Sides
        </Text>
      </View>
      <View
        onLayout={[Function]}
        style={null}
      >
        <View
          style={
            Object {
              "backgroundColor": "#bdbdbd",
              "marginVertical": 8,
              "padding": 20,
            }
          }
        >
          <Text
            style={
              Object {
                "fontSize": 12,
              }
            }
          >
            French Fries
          </Text>
        </View>
      </View>
      <View
        onLayout={[Function]}
        style={null}
      >
        <View
          style={
            Object {
              "backgroundColor": "#bdbdbd",
              "marginVertical": 8,
              "padding": 20,
            }
          }
        >
          <Text
            style={
              Object {
                "fontSize": 12,
              }
            }
          >
            Onion Rings
          </Text>
        </View>
      </View>
      <View
        onLayout={[Function]}
        style={null}
      >
        <View
          style={
            Object {
              "backgroundColor": "#bdbdbd",
              "marginVertical": 8,
              "padding": 20,
            }
          }
        >
          <Text
            style={
              Object {
                "fontSize": 12,
              }
            }
          >
            Fried Shrimps
          </Text>
        </View>
      </View>
      <View
        onLayout={[Function]}
        style={null}
      />
      <View
        style={
          Object {
            "height": 0,
          }
        }
      />
    </View>
  </RCTScrollView>
</RCTSafeAreaView>
`;
