// Jest Snapshot v1, https://goo.gl/fbAQLP

exports[`Renders snapshot as expected 1`] = `
<View
  style={
    Object {
      "flex": 1,
    }
  }
>
  <Text />
</View>
`;
